make: Entering directory '/data/nvkvm-broker-refresh-20261004/src/broker'
/usr/bin/wayland-scanner client-header //usr/share/wayland-protocols/stable/xdg-shell/xdg-shell.xml xdg-shell-client-protocol.h
/usr/bin/wayland-scanner client-header //usr/share/wayland-protocols/stable/linux-dmabuf/linux-dmabuf-v1.xml linux-dmabuf-v1-client-protocol.h
/usr/bin/wayland-scanner client-header //usr/share/wayland-protocols/unstable/keyboard-shortcuts-inhibit/keyboard-shortcuts-inhibit-unstable-v1.xml keyboard-shortcuts-inhibit-unstable-v1-client-protocol.h
/usr/bin/wayland-scanner client-header //usr/share/wayland-protocols/unstable/pointer-constraints/pointer-constraints-unstable-v1.xml pointer-constraints-unstable-v1-client-protocol.h
/usr/bin/wayland-scanner client-header //usr/share/wayland-protocols/unstable/relative-pointer/relative-pointer-unstable-v1.xml relative-pointer-unstable-v1-client-protocol.h
/usr/bin/wayland-scanner client-header //usr/share/wayland-protocols/stable/presentation-time/presentation-time.xml presentation-time-client-protocol.h
/usr/bin/wayland-scanner client-header //usr/share/wayland-protocols/stable/viewporter/viewporter.xml viewporter-client-protocol.h
/usr/bin/wayland-scanner client-header //usr/share/wayland-protocols/unstable/xdg-decoration/xdg-decoration-unstable-v1.xml xdg-decoration-unstable-v1-client-protocol.h
/usr/bin/wayland-scanner client-header //usr/share/wayland-protocols/staging/fractional-scale/fractional-scale-v1.xml fractional-scale-v1-client-protocol.h
/usr/bin/wayland-scanner private-code //usr/share/wayland-protocols/stable/xdg-shell/xdg-shell.xml xdg-shell-protocol.c
/usr/bin/wayland-scanner private-code //usr/share/wayland-protocols/stable/linux-dmabuf/linux-dmabuf-v1.xml linux-dmabuf-v1-protocol.c
/usr/bin/wayland-scanner private-code //usr/share/wayland-protocols/unstable/keyboard-shortcuts-inhibit/keyboard-shortcuts-inhibit-unstable-v1.xml keyboard-shortcuts-inhibit-unstable-v1-protocol.c
/usr/bin/wayland-scanner private-code //usr/share/wayland-protocols/unstable/pointer-constraints/pointer-constraints-unstable-v1.xml pointer-constraints-unstable-v1-protocol.c
/usr/bin/wayland-scanner private-code //usr/share/wayland-protocols/unstable/relative-pointer/relative-pointer-unstable-v1.xml relative-pointer-unstable-v1-protocol.c
/usr/bin/wayland-scanner private-code //usr/share/wayland-protocols/stable/presentation-time/presentation-time.xml presentation-time-protocol.c
/usr/bin/wayland-scanner private-code //usr/share/wayland-protocols/stable/viewporter/viewporter.xml viewporter-protocol.c
/usr/bin/wayland-scanner private-code //usr/share/wayland-protocols/unstable/xdg-decoration/xdg-decoration-unstable-v1.xml xdg-decoration-unstable-v1-protocol.c
/usr/bin/wayland-scanner private-code //usr/share/wayland-protocols/staging/fractional-scale/fractional-scale-v1.xml fractional-scale-v1-protocol.c
cc -O2 -g -std=gnu11 -Wall -Wextra -Wno-unused-parameter -Wformat=2 -Wshadow -Wvla -fstack-protector-strong -D_FORTIFY_SOURCE=2 -D_GNU_SOURCE -I. -I../common -DNB_HAVE_X11  -DNB_HAVE_XCB_RENDER  -DNB_HAVE_XCB_XINPUT  -DNB_HAVE_WAYLAND  -MMD -MP -c -o nvkvm_broker.o nvkvm_broker.c
cc -O2 -g -std=gnu11 -Wall -Wextra -Wno-unused-parameter -Wformat=2 -Wshadow -Wvla -fstack-protector-strong -D_FORTIFY_SOURCE=2 -D_GNU_SOURCE -I. -I../common -DNB_HAVE_X11  -DNB_HAVE_XCB_RENDER  -DNB_HAVE_XCB_XINPUT  -DNB_HAVE_WAYLAND  -MMD -MP -c -o nb_common.o nb_common.c
cc -O2 -g -std=gnu11 -Wall -Wextra -Wno-unused-parameter -Wformat=2 -Wshadow -Wvla -fstack-protector-strong -D_FORTIFY_SOURCE=2 -D_GNU_SOURCE -I. -I../common -DNB_HAVE_X11  -DNB_HAVE_XCB_RENDER  -DNB_HAVE_XCB_XINPUT  -DNB_HAVE_WAYLAND  -MMD -MP -c -o nb_cursor.o nb_cursor.c
cc -O2 -g -std=gnu11 -Wall -Wextra -Wno-unused-parameter -Wformat=2 -Wshadow -Wvla -fstack-protector-strong -D_FORTIFY_SOURCE=2 -D_GNU_SOURCE -I. -I../common -DNB_HAVE_X11  -DNB_HAVE_XCB_RENDER  -DNB_HAVE_XCB_XINPUT  -DNB_HAVE_WAYLAND  -MMD -MP -c -o nb_extent.o nb_extent.c
cc -O2 -g -std=gnu11 -Wall -Wextra -Wno-unused-parameter -Wformat=2 -Wshadow -Wvla -fstack-protector-strong -D_FORTIFY_SOURCE=2 -D_GNU_SOURCE -I. -I../common -DNB_HAVE_X11  -DNB_HAVE_XCB_RENDER  -DNB_HAVE_XCB_XINPUT  -DNB_HAVE_WAYLAND  -MMD -MP -c -o nb_placeholder.o nb_placeholder.c
cc -O2 -g -std=gnu11 -Wall -Wextra -Wno-unused-parameter -Wformat=2 -Wshadow -Wvla -fstack-protector-strong -D_FORTIFY_SOURCE=2 -D_GNU_SOURCE -I. -I../common -DNB_HAVE_X11  -DNB_HAVE_XCB_RENDER  -DNB_HAVE_XCB_XINPUT  -DNB_HAVE_WAYLAND  -MMD -MP -c -o nb_session_x11.o nb_session_x11.c
cc -O2 -g -std=gnu11 -Wall -Wextra -Wno-unused-parameter -Wformat=2 -Wshadow -Wvla -fstack-protector-strong -D_FORTIFY_SOURCE=2 -D_GNU_SOURCE -I. -I../common -DNB_HAVE_X11  -DNB_HAVE_XCB_RENDER  -DNB_HAVE_XCB_XINPUT  -DNB_HAVE_WAYLAND  -MMD -MP -c -o nb_session_wl.o nb_session_wl.c
cc -O2 -g -std=gnu11 -Wall -Wextra -Wno-unused-parameter -Wformat=2 -Wshadow -Wvla -fstack-protector-strong -D_FORTIFY_SOURCE=2 -D_GNU_SOURCE -I. -I../common -DNB_HAVE_X11  -DNB_HAVE_XCB_RENDER  -DNB_HAVE_XCB_XINPUT  -DNB_HAVE_WAYLAND  -MMD -MP -c -o nb_session_test.o nb_session_test.c
cc -O2 -g -std=gnu11 -Wall -Wextra -Wno-unused-parameter -Wformat=2 -Wshadow -Wvla -fstack-protector-strong -D_FORTIFY_SOURCE=2 -D_GNU_SOURCE -I. -I../common -DNB_HAVE_X11  -DNB_HAVE_XCB_RENDER  -DNB_HAVE_XCB_XINPUT  -DNB_HAVE_WAYLAND  -MMD -MP -c -o xdg-shell-protocol.o xdg-shell-protocol.c
cc -O2 -g -std=gnu11 -Wall -Wextra -Wno-unused-parameter -Wformat=2 -Wshadow -Wvla -fstack-protector-strong -D_FORTIFY_SOURCE=2 -D_GNU_SOURCE -I. -I../common -DNB_HAVE_X11  -DNB_HAVE_XCB_RENDER  -DNB_HAVE_XCB_XINPUT  -DNB_HAVE_WAYLAND  -MMD -MP -c -o linux-dmabuf-v1-protocol.o linux-dmabuf-v1-protocol.c
cc -O2 -g -std=gnu11 -Wall -Wextra -Wno-unused-parameter -Wformat=2 -Wshadow -Wvla -fstack-protector-strong -D_FORTIFY_SOURCE=2 -D_GNU_SOURCE -I. -I../common -DNB_HAVE_X11  -DNB_HAVE_XCB_RENDER  -DNB_HAVE_XCB_XINPUT  -DNB_HAVE_WAYLAND  -MMD -MP -c -o keyboard-shortcuts-inhibit-unstable-v1-protocol.o keyboard-shortcuts-inhibit-unstable-v1-protocol.c
cc -O2 -g -std=gnu11 -Wall -Wextra -Wno-unused-parameter -Wformat=2 -Wshadow -Wvla -fstack-protector-strong -D_FORTIFY_SOURCE=2 -D_GNU_SOURCE -I. -I../common -DNB_HAVE_X11  -DNB_HAVE_XCB_RENDER  -DNB_HAVE_XCB_XINPUT  -DNB_HAVE_WAYLAND  -MMD -MP -c -o pointer-constraints-unstable-v1-protocol.o pointer-constraints-unstable-v1-protocol.c
cc -O2 -g -std=gnu11 -Wall -Wextra -Wno-unused-parameter -Wformat=2 -Wshadow -Wvla -fstack-protector-strong -D_FORTIFY_SOURCE=2 -D_GNU_SOURCE -I. -I../common -DNB_HAVE_X11  -DNB_HAVE_XCB_RENDER  -DNB_HAVE_XCB_XINPUT  -DNB_HAVE_WAYLAND  -MMD -MP -c -o relative-pointer-unstable-v1-protocol.o relative-pointer-unstable-v1-protocol.c
cc -O2 -g -std=gnu11 -Wall -Wextra -Wno-unused-parameter -Wformat=2 -Wshadow -Wvla -fstack-protector-strong -D_FORTIFY_SOURCE=2 -D_GNU_SOURCE -I. -I../common -DNB_HAVE_X11  -DNB_HAVE_XCB_RENDER  -DNB_HAVE_XCB_XINPUT  -DNB_HAVE_WAYLAND  -MMD -MP -c -o presentation-time-protocol.o presentation-time-protocol.c
cc -O2 -g -std=gnu11 -Wall -Wextra -Wno-unused-parameter -Wformat=2 -Wshadow -Wvla -fstack-protector-strong -D_FORTIFY_SOURCE=2 -D_GNU_SOURCE -I. -I../common -DNB_HAVE_X11  -DNB_HAVE_XCB_RENDER  -DNB_HAVE_XCB_XINPUT  -DNB_HAVE_WAYLAND  -MMD -MP -c -o viewporter-protocol.o viewporter-protocol.c
cc -O2 -g -std=gnu11 -Wall -Wextra -Wno-unused-parameter -Wformat=2 -Wshadow -Wvla -fstack-protector-strong -D_FORTIFY_SOURCE=2 -D_GNU_SOURCE -I. -I../common -DNB_HAVE_X11  -DNB_HAVE_XCB_RENDER  -DNB_HAVE_XCB_XINPUT  -DNB_HAVE_WAYLAND  -MMD -MP -c -o xdg-decoration-unstable-v1-protocol.o xdg-decoration-unstable-v1-protocol.c
cc -O2 -g -std=gnu11 -Wall -Wextra -Wno-unused-parameter -Wformat=2 -Wshadow -Wvla -fstack-protector-strong -D_FORTIFY_SOURCE=2 -D_GNU_SOURCE -I. -I../common -DNB_HAVE_X11  -DNB_HAVE_XCB_RENDER  -DNB_HAVE_XCB_XINPUT  -DNB_HAVE_WAYLAND  -MMD -MP -c -o fractional-scale-v1-protocol.o fractional-scale-v1-protocol.c
cc -O2 -g -std=gnu11 -Wall -Wextra -Wno-unused-parameter -Wformat=2 -Wshadow -Wvla -fstack-protector-strong -D_FORTIFY_SOURCE=2 -D_GNU_SOURCE -I. -I../common -DNB_HAVE_X11  -DNB_HAVE_XCB_RENDER  -DNB_HAVE_XCB_XINPUT  -DNB_HAVE_WAYLAND  -o nvkvm-display-broker nvkvm_broker.o nb_common.o nb_cursor.o nb_extent.o nb_placeholder.o nb_session_x11.o nb_session_wl.o nb_session_test.o xdg-shell-protocol.o linux-dmabuf-v1-protocol.o keyboard-shortcuts-inhibit-unstable-v1-protocol.o pointer-constraints-unstable-v1-protocol.o relative-pointer-unstable-v1-protocol.o presentation-time-protocol.o viewporter-protocol.o xdg-decoration-unstable-v1-protocol.o fractional-scale-v1-protocol.o -Wl,-z,relro,-z,now -pthread -lxcb-present -lxcb-dri3 -lxcb -lxcb-render -lxcb-xinput -lwayland-client -lm
make: Leaving directory '/data/nvkvm-broker-refresh-20261004/src/broker'
